(node:42018) [DEP0040] DeprecationWarning: The `punycode` module is deprecated. Please use a userland alternative instead.
(Use `node --trace-deprecation ...` to show where the warning was created)
Both GOOGLE_API_KEY and GEMINI_API_KEY are set. Using GOOGLE_API_KEY.
Okay, I'm ready. What would you like to do?
